Processing esp32s3 (platform: espressif32 @ 6.13.0; board: esp32-s3-devkitc-1; framework: espidf)
--------------------------------------------------------------------------------
Verbose mode can be enabled via `-v, --verbose` option
CONFIGURATION: https://docs.platformio.org/page/boards/espressif32/esp32-s3-devkitc-1.html
PLATFORM: Espressif 32 (6.13.0) > Espressif ESP32-S3-DevKitC-1-N8 (8 MB QD, No PSRAM)
HARDWARE: ESP32S3 240MHz, 320KB RAM, 8MB Flash
DEBUG: Current (esp-builtin) On-board (esp-builtin) External (cmsis-dap, esp-bridge, esp-prog, iot-bus-jtag, jlink, minimodule, olimex-arm-usb-ocd, olimex-arm-usb-ocd-h, olimex-arm-usb-tiny-h, olimex-jtag-tiny, tumpa)
PACKAGES: 
 - framework-espidf @ 3.50503.0 (5.5.3) 
 - tool-cmake @ 3.30.2 
 - tool-esp-rom-elfs @ 0.0.1+20241011 
 - tool-esptoolpy @ 2.41100.0 (4.11.0) 
 - tool-mkfatfs @ 2.0.1 
 - tool-mklittlefs @ 1.203.210628 (2.3) 
 - tool-mkspiffs @ 2.230.0 (2.30) 
 - tool-ninja @ 1.13.2 
 - tool-riscv32-esp-elf-gdb @ 12.1.0+20221002 
 - tool-xtensa-esp-elf-gdb @ 12.1.0+20221002 
 - toolchain-esp32ulp @ 1.23800.240113 (2.38.0) 
 - toolchain-riscv32-esp @ 14.2.0+20251107 
 - toolchain-xtensa-esp-elf @ 14.2.0+20251107
Reading CMake configuration...
LDF: Library Dependency Finder -> https://bit.ly/configure-pio-ldf
LDF Modes: Finder ~ chain, Compatibility ~ soft
Found 0 compatible libraries
Scanning dependencies...
No dependencies
Building in release mode
Retrieving maximum program size /Volumes/2TB/platformio/workspaces/neatobmo-esp32/build/esp32s3/firmware.elf
Checking size /Volumes/2TB/platformio/workspaces/neatobmo-esp32/build/esp32s3/firmware.elf
Advanced Memory Usage is available via "PlatformIO Home > Project Inspect"
RAM:   [=         ]  13.4% (used 43944 bytes from 327680 bytes)
Flash: [====      ]  38.7% (used 1217925 bytes from 3145728 bytes)
Configuring upload protocol...
AVAILABLE: cmsis-dap, esp-bridge, esp-builtin, esp-prog, espota, esptool, iot-bus-jtag, jlink, minimodule, olimex-arm-usb-ocd, olimex-arm-usb-ocd-h, olimex-arm-usb-tiny-h, olimex-jtag-tiny, tumpa
CURRENT: upload_protocol = esptool
Looking for upload port...
Using manually specified: /dev/cu.usbmodem5C381965721
Uploading /Volumes/2TB/platformio/workspaces/neatobmo-esp32/build/esp32s3/firmware.bin
esptool.py v4.11.0
Serial port /dev/cu.usbmodem5C381965721
Connecting....
Chip is ESP32-S3 (QFN56) (revision v0.2)
Features: WiFi, BLE, Embedded PSRAM 8MB (AP_3v3)
Crystal is 40MHz
MAC: 44:1b:f6:ff:18:a0
Uploading stub...
Running stub...
Stub running...
Changing baud rate to 460800
Changed.
Configuring flash size...
Flash will be erased from 0x00000000 to 0x00005fff...
Flash will be erased from 0x00008000 to 0x00008fff...
Flash will be erased from 0x0000f000 to 0x00010fff...
Flash will be erased from 0x00020000 to 0x00149fff...
SHA digest in image updated
Compressed 20832 bytes to 13348...
Writing at 0x00000000... (100 %)
Wrote 20832 bytes (13348 compressed) at 0x00000000 in 0.5 seconds (effective 321.0 kbit/s)...
Hash of data verified.
Compressed 3072 bytes to 144...
Writing at 0x00008000... (100 %)
Wrote 3072 bytes (144 compressed) at 0x00008000 in 0.0 seconds (effective 599.2 kbit/s)...
Hash of data verified.
Compressed 8192 bytes to 31...
Writing at 0x0000f000... (100 %)
Wrote 8192 bytes (31 compressed) at 0x0000f000 in 0.0 seconds (effective 1329.0 kbit/s)...
Hash of data verified.
Compressed 1218336 bytes to 761265...
Writing at 0x00020000... (2 %)
Writing at 0x0002cfcc... (4 %)
Writing at 0x0003a037... (6 %)
Writing at 0x00044b93... (8 %)
Writing at 0x00049648... (10 %)
Writing at 0x0004e4e1... (12 %)
Writing at 0x00053a14... (14 %)
Writing at 0x0005aabc... (17 %)
Writing at 0x00066928... (19 %)
Writing at 0x0006c6ba... (21 %)
Writing at 0x000729ae... (23 %)
Writing at 0x0007857b... (25 %)
Writing at 0x0007e3d3... (27 %)
Writing at 0x000845db... (29 %)
Writing at 0x0008a791... (31 %)
Writing at 0x00090cd5... (34 %)
Writing at 0x00096bf9... (36 %)
Writing at 0x0009d14f... (38 %)
Writing at 0x000a3110... (40 %)
Writing at 0x000a8b17... (42 %)
Writing at 0x000ae889... (44 %)
Writing at 0x000b4752... (46 %)
Writing at 0x000ba3cc... (48 %)
Writing at 0x000c04aa... (51 %)
Writing at 0x000c60b5... (53 %)
Writing at 0x000cbd3f... (55 %)
Writing at 0x000d1b38... (57 %)
Writing at 0x000d7ef5... (59 %)
Writing at 0x000ddbfa... (61 %)
Writing at 0x000e379c... (63 %)
Writing at 0x000e8bb8... (65 %)
Writing at 0x000edbd0... (68 %)
Writing at 0x000f334d... (70 %)
Writing at 0x000f8b3c... (72 %)
Writing at 0x000fe02b... (74 %)
Writing at 0x001033dd... (76 %)
Writing at 0x00108920... (78 %)
Writing at 0x0010e6b9... (80 %)
Writing at 0x00114ae1... (82 %)
Writing at 0x0011cb43... (85 %)
Writing at 0x001222d0... (87 %)
Writing at 0x00127d6f... (89 %)
Writing at 0x0012e2bc... (91 %)
Writing at 0x00134d83... (93 %)
Writing at 0x0013ad53... (95 %)
Writing at 0x00141467... (97 %)
Writing at 0x001465ca... (100 %)
Wrote 1218336 bytes (761265 compressed) at 0x00020000 in 17.1 seconds (effective 569.9 kbit/s)...
Hash of data verified.

Leaving...
Hard resetting via RTS pin...
========================= [SUCCESS] Took 27.71 seconds =========================
